version: grass7
order: nsbt
north: 80.000000
south: 0.000000
east: 100.000000
west: 0.000000
top: 50.000000
bottom: 0.000000
rows: 8
cols: 10
levels: 5
* * * * * * * * * * 
* * * * * * * * * * 
* * * * * * * * * * 
* * * * * * * * * * 
* * * * * * * * * * 
* * * * * * * * * * 
* * * * * * * * * * 
* * * * * * * * * * 
* * * * * * * * * * 
* * * * * * * * * * 
* * * * * * * * * * 
* * * * * * * * * * 
* * * * * * * * * * 
* * * * * * * * * * 
* * * * * * * * * * 
* * * * * * * * * * 
2 2 2 2 2 2 2 2 2 2 
2 2 2 2 2 2 2 2 2 2 
2 2 2 2 2 2 2 2 2 2 
2 2 2 2 2 2 2 2 2 2 
2 2 2 2 2 2 2 2 2 2 
2 2 2 2 2 2 2 2 2 2 
2 2 2 2 2 2 2 2 2 2 
2 2 2 2 2 2 2 2 2 2 
* * * * * * * * * * 
* * * * * * * * * * 
* * * * * * * * * * 
* * * * * * * * * * 
* * * * * * * * * * 
* * * * * * * * * * 
* * * * * * * * * * 
* * * * * * * * * * 
* * * * * * * * * * 
* * * * * * * * * * 
* * * * * * * * * * 
* * * * * * * * * * 
* * * * * * * * * * 
* * * * * * * * * * 
* * * * * * * * * * 
* * * * * * * * * * 
